// Jest Snapshot v1, https://goo.gl/fbAQLP

exports[`Tests for the Rockets page Should render the Rockets page 1`] = `
<div
  className="rocket-container"
/>
`;
